
Discarded input sections

 .llvm_addrsig  0x0000000000000000        0x5 build/kernel.o
 .llvm_addrsig  0x0000000000000000        0x4 build/panic.o
 .llvm_addrsig  0x0000000000000000        0x2 build/log.o
 .llvm_addrsig  0x0000000000000000        0x0 build/serial.o

Memory Configuration

Name             Origin             Length             Attributes
*default*        0x0000000000000000 0xffffffffffffffff

Linker script and memory map

                0xffffffff80000000                . = 0xffffffff80000000

.text           0xffffffff80000000      0x209
 *(.text)
 .text          0xffffffff80000000       0x53 build/kernel.o
                0xffffffff80000000                kmain
 *fill*         0xffffffff80000053        0xd 
 .text          0xffffffff80000060       0xa7 build/panic.o
                0xffffffff80000060                kernel_panic_at
 *fill*         0xffffffff80000107        0x9 
 .text          0xffffffff80000110       0xa9 build/log.o
                0xffffffff80000110                log_write
                0xffffffff80000130                log_hex64
 *fill*         0xffffffff800001b9        0x7 
 .text          0xffffffff800001c0       0x49 build/serial.o
                0xffffffff800001c0                serial_init
                0xffffffff800001d0                serial_send_string

.iplt           0xffffffff80000209        0x0
 .iplt          0xffffffff80000209        0x0 build/kernel.o

.rodata.str1.1  0xffffffff80000209       0xb9
 .rodata.str1.1
                0xffffffff80000209       0xb9 build/kernel.o
                                         0x7c (size before relaxing)
 .rodata.str1.1
                0xffffffff800002c2       0x40 build/panic.o

.rodata.str1.16
                0xffffffff800002d0       0x11
 .rodata.str1.16
                0xffffffff800002d0       0x11 build/log.o

.rela.dyn       0xffffffff800002e8        0x0
 .rela.got      0xffffffff800002e8        0x0 build/kernel.o
 .rela.iplt     0xffffffff800002e8        0x0 build/kernel.o

.data
 *(.data)

.got            0xffffffff800002e8        0x0
 .got           0xffffffff800002e8        0x0 build/kernel.o

.got.plt        0xffffffff800002e8        0x0
 .got.plt       0xffffffff800002e8        0x0 build/kernel.o

.igot.plt       0xffffffff800002e8        0x0
 .igot.plt      0xffffffff800002e8        0x0 build/kernel.o

.bss
 *(.bss)
LOAD build/kernel.o
LOAD build/panic.o
LOAD build/log.o
LOAD build/serial.o
OUTPUT(bin/kernel.elf elf64-x86-64)

.comment        0x0000000000000000       0x27
 .comment       0x0000000000000000       0x27 build/kernel.o
                                         0x28 (size before relaxing)
 .comment       0x0000000000000027       0x28 build/panic.o
 .comment       0x0000000000000027       0x28 build/log.o
 .comment       0x0000000000000027       0x28 build/serial.o

.note.GNU-stack
                0x0000000000000000        0x0
 .note.GNU-stack
                0x0000000000000000        0x0 build/kernel.o
 .note.GNU-stack
                0x0000000000000000        0x0 build/panic.o
 .note.GNU-stack
                0x0000000000000000        0x0 build/log.o
 .note.GNU-stack
                0x0000000000000000        0x0 build/serial.o
