             VMA              LMA     Size Align Out     In      Symbol
               0                0   100000     1 . = 0x100000
          100000           100000       28     1 .rodata.str1.1
          100000           100000       28     1         <internal>:(.rodata.str1.1)
          100030           100030       78    16 .text
          100030           100030        f     4         build/boot.o:(.text)
          100030           100030        0     1                 _start
          10003c           10003c        0     1                 .loop
          100040           100040       65    16         build/kmain.o:(.text)
          100040           100040       44     1                 serial_write_string
          100090           100090       15     1                 kmain
          1000a8           1000a8        0     4         build/idt.o:(.text)
          1000a8           1000a8        0     4         build/trap.o:(.text)
          1000a8           1000a8        0     4         build/stubs.o:(.text)
          1000a8           1000a8        0     4         build/isr.o:(.text)
          1000b0           1000b0     4000    16 .bss
          1000b0           1000b0     4000    16         build/boot.o:(.bss)
          1000b0           1000b0        0     1                 stack_bottom
          1040b0           1040b0        0     1                 stack_top
               0                0        c     4 .multiboot
               0                0        c     4         build/boot.o:(.multiboot)
               0                0       42     1 .comment
               0                0       42     1         <internal>:(.comment)
               0                0      108     8 .symtab
               0                0      108     8         <internal>:(.symtab)
               0                0       49     1 .shstrtab
               0                0       49     1         <internal>:(.shstrtab)
               0                0       5c     1 .strtab
               0                0       5c     1         <internal>:(.strtab)
